// Jest Snapshot v1, https://goo.gl/fbAQLP

exports[`Mathfield Render code correctly 1`] = `
<View
  style={
    {
      "flex": 1,
    }
  }
>
  <View
    accessible={true}
    collapsable={false}
    focusable={false}
    onClick={[Function]}
    onResponderGrant={[Function]}
    onResponderMove={[Function]}
    onResponderRelease={[Function]}
    onResponderTerminate={[Function]}
    onResponderTerminationRequest={[Function]}
    onStartShouldSetResponder={[Function]}
    style={
      {
        "backgroundColor": "hsl(204, 20%, 98%)",
        "borderColor": "gray",
        "borderRadius": 8,
        "borderWidth": 1,
        "minHeight": 40,
        "opacity": 1,
        "padding": 8,
      }
    }
  >
    <View
      style={
        {
          "flex": 1,
          "flexDirection": "row",
          "justifyContent": "space-between",
        }
      }
    >
      <View
        style={
          {
            "flex": 1,
            "flexDirection": "row",
            "flexWrap": "wrap",
          }
        }
      >
        <View>
          <View
            accessible={true}
            collapsable={false}
            focusable={true}
            onClick={[Function]}
            onResponderGrant={[Function]}
            onResponderMove={[Function]}
            onResponderRelease={[Function]}
            onResponderTerminate={[Function]}
            onResponderTerminationRequest={[Function]}
            onStartShouldSetResponder={[Function]}
            style={
              {
                "alignContent": "center",
                "backgroundColor": false,
                "height": "100%",
                "justifyContent": "center",
                "opacity": 1,
              }
            }
          >
            <View
              style={
                {
                  "flexDirection": "row",
                }
              }
            >
              <Text
                style={
                  [
                    {},
                    false,
                  ]
                }
              >
                3
              </Text>
            </View>
          </View>
        </View>
        <View>
          <View
            accessible={true}
            collapsable={false}
            focusable={true}
            onClick={[Function]}
            onResponderGrant={[Function]}
            onResponderMove={[Function]}
            onResponderRelease={[Function]}
            onResponderTerminate={[Function]}
            onResponderTerminationRequest={[Function]}
            onStartShouldSetResponder={[Function]}
            style={
              {
                "alignContent": "center",
                "backgroundColor": false,
                "height": "100%",
                "justifyContent": "center",
                "opacity": 1,
              }
            }
          >
            <View
              style={
                {
                  "flexDirection": "row",
                }
              }
            >
              <Text
                style={
                  [
                    {},
                    false,
                  ]
                }
              >
                 
              </Text>
            </View>
          </View>
        </View>
        <View>
          <View
            accessible={true}
            collapsable={false}
            focusable={true}
            onClick={[Function]}
            onResponderGrant={[Function]}
            onResponderMove={[Function]}
            onResponderRelease={[Function]}
            onResponderTerminate={[Function]}
            onResponderTerminationRequest={[Function]}
            onStartShouldSetResponder={[Function]}
            style={
              {
                "alignContent": "center",
                "backgroundColor": false,
                "height": "100%",
                "justifyContent": "center",
                "opacity": 1,
              }
            }
          >
            <View
              style={
                {
                  "flexDirection": "row",
                }
              }
            >
              <Text
                style={
                  [
                    {},
                    false,
                  ]
                }
              >
                +
              </Text>
            </View>
          </View>
        </View>
        <View>
          <View
            accessible={true}
            collapsable={false}
            focusable={true}
            onClick={[Function]}
            onResponderGrant={[Function]}
            onResponderMove={[Function]}
            onResponderRelease={[Function]}
            onResponderTerminate={[Function]}
            onResponderTerminationRequest={[Function]}
            onStartShouldSetResponder={[Function]}
            style={
              {
                "alignContent": "center",
                "backgroundColor": false,
                "height": "100%",
                "justifyContent": "center",
                "opacity": 1,
              }
            }
          >
            <View
              style={
                {
                  "flexDirection": "row",
                }
              }
            >
              <Text
                style={
                  [
                    {},
                    false,
                  ]
                }
              >
                 
              </Text>
            </View>
          </View>
        </View>
        <View>
          <View
            accessible={true}
            collapsable={false}
            focusable={true}
            onClick={[Function]}
            onResponderGrant={[Function]}
            onResponderMove={[Function]}
            onResponderRelease={[Function]}
            onResponderTerminate={[Function]}
            onResponderTerminationRequest={[Function]}
            onStartShouldSetResponder={[Function]}
            style={
              {
                "alignContent": "center",
                "backgroundColor": "hsl(204, 50%, 90%)",
                "height": "100%",
                "justifyContent": "center",
                "opacity": 1,
              }
            }
          >
            <Text
              style={
                [
                  {},
                  false,
                ]
              }
            >
              â–¢
            </Text>
          </View>
        </View>
      </View>
      <View
        accessible={true}
        collapsable={false}
        focusable={true}
        onClick={[Function]}
        onResponderGrant={[Function]}
        onResponderMove={[Function]}
        onResponderRelease={[Function]}
        onResponderTerminate={[Function]}
        onResponderTerminationRequest={[Function]}
        onStartShouldSetResponder={[Function]}
        style={
          {
            "alignSelf": "center",
            "aspectRatio": "1/1",
            "height": "100%",
            "marginLeft": "auto",
            "maxHeight": 40,
            "opacity": 1,
          }
        }
      >
        <Image
          source={
            {
              "process": [Function],
            }
          }
          style={
            {
              "flex": 1,
              "height": "100%",
              "width": "100%",
            }
          }
        />
      </View>
    </View>
  </View>
</View>
`;
